<img src="/foo/image.jpg" alt="alt" title="title">
