<img src="/blog/image.jpg" alt="alt" title="title">
